The SAS System                                                                                                                                                                                                               15:23 Friday, November 20, 2015   1

„ƒƒƒƒƒƒƒƒƒƒƒƒƒƒƒƒƒƒƒƒƒƒƒƒƒƒƒƒƒƒƒƒƒƒƒƒƒƒƒƒƒƒƒƒƒƒƒƒƒƒƒƒƒƒƒƒƒƒƒƒƒƒƒƒƒƒƒƒƒƒƒƒƒƒ†
‚               FORMAT NAME: ACN_ADVERSE_AEACTION LENGTH: 16               ‚
‚   MIN LENGTH:   1  MAX LENGTH:  40  DEFAULT LENGTH:  16  FUZZ: STD       ‚
‡ƒƒƒƒƒƒƒƒƒƒƒƒƒƒƒƒ…ƒƒƒƒƒƒƒƒƒƒƒƒƒƒƒƒ…ƒƒƒƒƒƒƒƒƒƒƒƒƒƒƒƒƒƒƒƒƒƒƒƒƒƒƒƒƒƒƒƒƒƒƒƒƒƒƒƒ‰
‚START           ‚END             ‚LABEL  (VER. 9.4     20NOV2015:15:23:44)‚
‡ƒƒƒƒƒƒƒƒƒƒƒƒƒƒƒƒˆƒƒƒƒƒƒƒƒƒƒƒƒƒƒƒƒˆƒƒƒƒƒƒƒƒƒƒƒƒƒƒƒƒƒƒƒƒƒƒƒƒƒƒƒƒƒƒƒƒƒƒƒƒƒƒƒƒ‰
‚               1‚               1‚DRUG INTERRUPTED                        ‚
‚               2‚               2‚DOSE REDUCED                            ‚
‚               3‚               3‚DOSE INCREASED                          ‚
‚               4‚               4‚DOSE NOT CHANGED                        ‚
‚               5‚               5‚UNKNOWN                                 ‚
Šƒƒƒƒƒƒƒƒƒƒƒƒƒƒƒƒ‹ƒƒƒƒƒƒƒƒƒƒƒƒƒƒƒƒ‹ƒƒƒƒƒƒƒƒƒƒƒƒƒƒƒƒƒƒƒƒƒƒƒƒƒƒƒƒƒƒƒƒƒƒƒƒƒƒƒƒŒ


„ƒƒƒƒƒƒƒƒƒƒƒƒƒƒƒƒƒƒƒƒƒƒƒƒƒƒƒƒƒƒƒƒƒƒƒƒƒƒƒƒƒƒƒƒƒƒƒƒƒƒƒƒƒƒƒƒƒƒƒƒƒƒƒƒƒƒƒƒƒƒƒƒƒƒ†
‚               FORMAT NAME: AEREL_ADVERSE_AEREL LENGTH: 16                ‚
‚   MIN LENGTH:   1  MAX LENGTH:  40  DEFAULT LENGTH:  16  FUZZ: STD       ‚
‡ƒƒƒƒƒƒƒƒƒƒƒƒƒƒƒƒ…ƒƒƒƒƒƒƒƒƒƒƒƒƒƒƒƒ…ƒƒƒƒƒƒƒƒƒƒƒƒƒƒƒƒƒƒƒƒƒƒƒƒƒƒƒƒƒƒƒƒƒƒƒƒƒƒƒƒ‰
‚START           ‚END             ‚LABEL  (VER. 9.4     20NOV2015:15:23:44)‚
‡ƒƒƒƒƒƒƒƒƒƒƒƒƒƒƒƒˆƒƒƒƒƒƒƒƒƒƒƒƒƒƒƒƒˆƒƒƒƒƒƒƒƒƒƒƒƒƒƒƒƒƒƒƒƒƒƒƒƒƒƒƒƒƒƒƒƒƒƒƒƒƒƒƒƒ‰
‚               1‚               1‚NOT RELATED                             ‚
‚               2‚               2‚POSSIBLY RELATED                        ‚
‚               3‚               3‚PROBABLY RELATED                        ‚
Šƒƒƒƒƒƒƒƒƒƒƒƒƒƒƒƒ‹ƒƒƒƒƒƒƒƒƒƒƒƒƒƒƒƒ‹ƒƒƒƒƒƒƒƒƒƒƒƒƒƒƒƒƒƒƒƒƒƒƒƒƒƒƒƒƒƒƒƒƒƒƒƒƒƒƒƒŒ


„ƒƒƒƒƒƒƒƒƒƒƒƒƒƒƒƒƒƒƒƒƒƒƒƒƒƒƒƒƒƒƒƒƒƒƒƒƒƒƒƒƒƒƒƒƒƒƒƒƒƒƒƒƒƒƒƒƒƒƒƒƒƒƒƒƒƒƒƒƒƒƒƒƒƒ†
‚                FORMAT NAME: AESEV_ADVERSE_AESEV LENGTH: 8                ‚
‚   MIN LENGTH:   1  MAX LENGTH:  40  DEFAULT LENGTH:   8  FUZZ: STD       ‚
‡ƒƒƒƒƒƒƒƒƒƒƒƒƒƒƒƒ…ƒƒƒƒƒƒƒƒƒƒƒƒƒƒƒƒ…ƒƒƒƒƒƒƒƒƒƒƒƒƒƒƒƒƒƒƒƒƒƒƒƒƒƒƒƒƒƒƒƒƒƒƒƒƒƒƒƒ‰
‚START           ‚END             ‚LABEL  (VER. 9.4     20NOV2015:15:23:44)‚
‡ƒƒƒƒƒƒƒƒƒƒƒƒƒƒƒƒˆƒƒƒƒƒƒƒƒƒƒƒƒƒƒƒƒˆƒƒƒƒƒƒƒƒƒƒƒƒƒƒƒƒƒƒƒƒƒƒƒƒƒƒƒƒƒƒƒƒƒƒƒƒƒƒƒƒ‰
‚               1‚               1‚MILD                                    ‚
‚               2‚               2‚MODERATE                                ‚
‚               3‚               3‚SEVERE                                  ‚
Šƒƒƒƒƒƒƒƒƒƒƒƒƒƒƒƒ‹ƒƒƒƒƒƒƒƒƒƒƒƒƒƒƒƒ‹ƒƒƒƒƒƒƒƒƒƒƒƒƒƒƒƒƒƒƒƒƒƒƒƒƒƒƒƒƒƒƒƒƒƒƒƒƒƒƒƒŒ


„ƒƒƒƒƒƒƒƒƒƒƒƒƒƒƒƒƒƒƒƒƒƒƒƒƒƒƒƒƒƒƒƒƒƒƒƒƒƒƒƒƒƒƒƒƒƒƒƒƒƒƒƒƒƒƒƒƒƒƒƒƒƒƒƒƒƒƒƒƒƒƒƒƒƒ†
‚               FORMAT NAME: ARMCD_DEMOGRAPHIC_TRT LENGTH: 7               ‚
‚   MIN LENGTH:   1  MAX LENGTH:  40  DEFAULT LENGTH:   7  FUZZ: STD       ‚
‡ƒƒƒƒƒƒƒƒƒƒƒƒƒƒƒƒ…ƒƒƒƒƒƒƒƒƒƒƒƒƒƒƒƒ…ƒƒƒƒƒƒƒƒƒƒƒƒƒƒƒƒƒƒƒƒƒƒƒƒƒƒƒƒƒƒƒƒƒƒƒƒƒƒƒƒ‰
‚START           ‚END             ‚LABEL  (VER. 9.4     20NOV2015:15:23:44)‚
‡ƒƒƒƒƒƒƒƒƒƒƒƒƒƒƒƒˆƒƒƒƒƒƒƒƒƒƒƒƒƒƒƒƒˆƒƒƒƒƒƒƒƒƒƒƒƒƒƒƒƒƒƒƒƒƒƒƒƒƒƒƒƒƒƒƒƒƒƒƒƒƒƒƒƒ‰
‚               0‚               0‚PLACEBO                                 ‚
‚               1‚               1‚ALG123                                  ‚
Šƒƒƒƒƒƒƒƒƒƒƒƒƒƒƒƒ‹ƒƒƒƒƒƒƒƒƒƒƒƒƒƒƒƒ‹ƒƒƒƒƒƒƒƒƒƒƒƒƒƒƒƒƒƒƒƒƒƒƒƒƒƒƒƒƒƒƒƒƒƒƒƒƒƒƒƒŒ
The SAS System                                                                                                                                                                                                               15:23 Friday, November 20, 2015   2

„ƒƒƒƒƒƒƒƒƒƒƒƒƒƒƒƒƒƒƒƒƒƒƒƒƒƒƒƒƒƒƒƒƒƒƒƒƒƒƒƒƒƒƒƒƒƒƒƒƒƒƒƒƒƒƒƒƒƒƒƒƒƒƒƒƒƒƒƒƒƒƒƒƒƒ†
‚               FORMAT NAME: ARM_DEMOGRAPHIC_TRT LENGTH: 19                ‚
‚   MIN LENGTH:   1  MAX LENGTH:  40  DEFAULT LENGTH:  19  FUZZ: STD       ‚
‡ƒƒƒƒƒƒƒƒƒƒƒƒƒƒƒƒ…ƒƒƒƒƒƒƒƒƒƒƒƒƒƒƒƒ…ƒƒƒƒƒƒƒƒƒƒƒƒƒƒƒƒƒƒƒƒƒƒƒƒƒƒƒƒƒƒƒƒƒƒƒƒƒƒƒƒ‰
‚START           ‚END             ‚LABEL  (VER. 9.4     20NOV2015:15:23:44)‚
‡ƒƒƒƒƒƒƒƒƒƒƒƒƒƒƒƒˆƒƒƒƒƒƒƒƒƒƒƒƒƒƒƒƒˆƒƒƒƒƒƒƒƒƒƒƒƒƒƒƒƒƒƒƒƒƒƒƒƒƒƒƒƒƒƒƒƒƒƒƒƒƒƒƒƒ‰
‚               0‚               0‚Placebo                                 ‚
‚               1‚               1‚Analgezia HCL 30 mg                     ‚
Šƒƒƒƒƒƒƒƒƒƒƒƒƒƒƒƒ‹ƒƒƒƒƒƒƒƒƒƒƒƒƒƒƒƒ‹ƒƒƒƒƒƒƒƒƒƒƒƒƒƒƒƒƒƒƒƒƒƒƒƒƒƒƒƒƒƒƒƒƒƒƒƒƒƒƒƒŒ


„ƒƒƒƒƒƒƒƒƒƒƒƒƒƒƒƒƒƒƒƒƒƒƒƒƒƒƒƒƒƒƒƒƒƒƒƒƒƒƒƒƒƒƒƒƒƒƒƒƒƒƒƒƒƒƒƒƒƒƒƒƒƒƒƒƒƒƒƒƒƒƒƒƒƒ†
‚              FORMAT NAME: RACE_DEMOGRAPHIC_RACE LENGTH: 25               ‚
‚   MIN LENGTH:   1  MAX LENGTH:  40  DEFAULT LENGTH:  25  FUZZ: STD       ‚
‡ƒƒƒƒƒƒƒƒƒƒƒƒƒƒƒƒ…ƒƒƒƒƒƒƒƒƒƒƒƒƒƒƒƒ…ƒƒƒƒƒƒƒƒƒƒƒƒƒƒƒƒƒƒƒƒƒƒƒƒƒƒƒƒƒƒƒƒƒƒƒƒƒƒƒƒ‰
‚START           ‚END             ‚LABEL  (VER. 9.4     20NOV2015:15:23:44)‚
‡ƒƒƒƒƒƒƒƒƒƒƒƒƒƒƒƒˆƒƒƒƒƒƒƒƒƒƒƒƒƒƒƒƒˆƒƒƒƒƒƒƒƒƒƒƒƒƒƒƒƒƒƒƒƒƒƒƒƒƒƒƒƒƒƒƒƒƒƒƒƒƒƒƒƒ‰
‚               1‚               1‚WHITE                                   ‚
‚               2‚               2‚BLACK OR AFRICAN AMERICAN               ‚
‚               3‚               3‚OTHER                                   ‚
Šƒƒƒƒƒƒƒƒƒƒƒƒƒƒƒƒ‹ƒƒƒƒƒƒƒƒƒƒƒƒƒƒƒƒ‹ƒƒƒƒƒƒƒƒƒƒƒƒƒƒƒƒƒƒƒƒƒƒƒƒƒƒƒƒƒƒƒƒƒƒƒƒƒƒƒƒŒ


„ƒƒƒƒƒƒƒƒƒƒƒƒƒƒƒƒƒƒƒƒƒƒƒƒƒƒƒƒƒƒƒƒƒƒƒƒƒƒƒƒƒƒƒƒƒƒƒƒƒƒƒƒƒƒƒƒƒƒƒƒƒƒƒƒƒƒƒƒƒƒƒƒƒƒ†
‚              FORMAT NAME: SEX_DEMOGRAPHIC_GENDER LENGTH: 1               ‚
‚   MIN LENGTH:   1  MAX LENGTH:  40  DEFAULT LENGTH:   1  FUZZ: STD       ‚
‡ƒƒƒƒƒƒƒƒƒƒƒƒƒƒƒƒ…ƒƒƒƒƒƒƒƒƒƒƒƒƒƒƒƒ…ƒƒƒƒƒƒƒƒƒƒƒƒƒƒƒƒƒƒƒƒƒƒƒƒƒƒƒƒƒƒƒƒƒƒƒƒƒƒƒƒ‰
‚START           ‚END             ‚LABEL  (VER. 9.4     20NOV2015:15:23:44)‚
‡ƒƒƒƒƒƒƒƒƒƒƒƒƒƒƒƒˆƒƒƒƒƒƒƒƒƒƒƒƒƒƒƒƒˆƒƒƒƒƒƒƒƒƒƒƒƒƒƒƒƒƒƒƒƒƒƒƒƒƒƒƒƒƒƒƒƒƒƒƒƒƒƒƒƒ‰
‚               .‚               .‚U                                       ‚
‚               1‚               1‚M                                       ‚
‚               2‚               2‚F                                       ‚
Šƒƒƒƒƒƒƒƒƒƒƒƒƒƒƒƒ‹ƒƒƒƒƒƒƒƒƒƒƒƒƒƒƒƒ‹ƒƒƒƒƒƒƒƒƒƒƒƒƒƒƒƒƒƒƒƒƒƒƒƒƒƒƒƒƒƒƒƒƒƒƒƒƒƒƒƒŒ


„ƒƒƒƒƒƒƒƒƒƒƒƒƒƒƒƒƒƒƒƒƒƒƒƒƒƒƒƒƒƒƒƒƒƒƒƒƒƒƒƒƒƒƒƒƒƒƒƒƒƒƒƒƒƒƒƒƒƒƒƒƒƒƒƒƒƒƒƒƒƒƒƒƒƒ†
‚                 FORMAT NAME: VISIT_LABS_MONTH LENGTH: 8                  ‚
‚   MIN LENGTH:   1  MAX LENGTH:  40  DEFAULT LENGTH:   8  FUZZ: STD       ‚
‡ƒƒƒƒƒƒƒƒƒƒƒƒƒƒƒƒ…ƒƒƒƒƒƒƒƒƒƒƒƒƒƒƒƒ…ƒƒƒƒƒƒƒƒƒƒƒƒƒƒƒƒƒƒƒƒƒƒƒƒƒƒƒƒƒƒƒƒƒƒƒƒƒƒƒƒ‰
‚START           ‚END             ‚LABEL  (VER. 9.4     20NOV2015:15:23:44)‚
‡ƒƒƒƒƒƒƒƒƒƒƒƒƒƒƒƒˆƒƒƒƒƒƒƒƒƒƒƒƒƒƒƒƒˆƒƒƒƒƒƒƒƒƒƒƒƒƒƒƒƒƒƒƒƒƒƒƒƒƒƒƒƒƒƒƒƒƒƒƒƒƒƒƒƒ‰
‚               0‚               0‚Baseline                                ‚
‚               1‚               1‚3 Months                                ‚
‚               2‚               2‚6 Months                                ‚
Šƒƒƒƒƒƒƒƒƒƒƒƒƒƒƒƒ‹ƒƒƒƒƒƒƒƒƒƒƒƒƒƒƒƒ‹ƒƒƒƒƒƒƒƒƒƒƒƒƒƒƒƒƒƒƒƒƒƒƒƒƒƒƒƒƒƒƒƒƒƒƒƒƒƒƒƒŒ
The SAS System                                                                                                                                                                                                               15:23 Friday, November 20, 2015   3

„ƒƒƒƒƒƒƒƒƒƒƒƒƒƒƒƒƒƒƒƒƒƒƒƒƒƒƒƒƒƒƒƒƒƒƒƒƒƒƒƒƒƒƒƒƒƒƒƒƒƒƒƒƒƒƒƒƒƒƒƒƒƒƒƒƒƒƒƒƒƒƒƒƒƒ†
‚                FORMAT NAME: $LBCAT_LABS_LABCAT LENGTH: 10                ‚
‚   MIN LENGTH:   1  MAX LENGTH:  40  DEFAULT LENGTH:  10  FUZZ:        0  ‚
‡ƒƒƒƒƒƒƒƒƒƒƒƒƒƒƒƒ…ƒƒƒƒƒƒƒƒƒƒƒƒƒƒƒƒ…ƒƒƒƒƒƒƒƒƒƒƒƒƒƒƒƒƒƒƒƒƒƒƒƒƒƒƒƒƒƒƒƒƒƒƒƒƒƒƒƒ‰
‚START           ‚END             ‚LABEL  (VER. 9.4     20NOV2015:15:23:44)‚
‡ƒƒƒƒƒƒƒƒƒƒƒƒƒƒƒƒˆƒƒƒƒƒƒƒƒƒƒƒƒƒƒƒƒˆƒƒƒƒƒƒƒƒƒƒƒƒƒƒƒƒƒƒƒƒƒƒƒƒƒƒƒƒƒƒƒƒƒƒƒƒƒƒƒƒ‰
‚CHEMISTRY       ‚CHEMISTRY       ‚CHEMISTRY                               ‚
‚HEMATOLOGY      ‚HEMATOLOGY      ‚HEMATOLOGY                              ‚
Šƒƒƒƒƒƒƒƒƒƒƒƒƒƒƒƒ‹ƒƒƒƒƒƒƒƒƒƒƒƒƒƒƒƒ‹ƒƒƒƒƒƒƒƒƒƒƒƒƒƒƒƒƒƒƒƒƒƒƒƒƒƒƒƒƒƒƒƒƒƒƒƒƒƒƒƒŒ


„ƒƒƒƒƒƒƒƒƒƒƒƒƒƒƒƒƒƒƒƒƒƒƒƒƒƒƒƒƒƒƒƒƒƒƒƒƒƒƒƒƒƒƒƒƒƒƒƒƒƒƒƒƒƒƒƒƒƒƒƒƒƒƒƒƒƒƒƒƒƒƒƒƒƒ†
‚              FORMAT NAME: $LBTESTCD_LABS_LABTEST LENGTH: 6               ‚
‚   MIN LENGTH:   1  MAX LENGTH:  40  DEFAULT LENGTH:   6  FUZZ:        0  ‚
‡ƒƒƒƒƒƒƒƒƒƒƒƒƒƒƒƒ…ƒƒƒƒƒƒƒƒƒƒƒƒƒƒƒƒ…ƒƒƒƒƒƒƒƒƒƒƒƒƒƒƒƒƒƒƒƒƒƒƒƒƒƒƒƒƒƒƒƒƒƒƒƒƒƒƒƒ‰
‚START           ‚END             ‚LABEL  (VER. 9.4     20NOV2015:15:23:44)‚
‡ƒƒƒƒƒƒƒƒƒƒƒƒƒƒƒƒˆƒƒƒƒƒƒƒƒƒƒƒƒƒƒƒƒˆƒƒƒƒƒƒƒƒƒƒƒƒƒƒƒƒƒƒƒƒƒƒƒƒƒƒƒƒƒƒƒƒƒƒƒƒƒƒƒƒ‰
‚ALBUMIN         ‚ALBUMIN         ‚ALB                                     ‚
‚ALK. PHOS.      ‚ALK. PHOS.      ‚ALP                                     ‚
‚ALT (SGPT)      ‚ALT (SGPT)      ‚ALT                                     ‚
‚AST (SGOT)      ‚AST (SGOT)      ‚AST                                     ‚
‚DIRECT BILI     ‚DIRECT BILI     ‚BILDIR                                  ‚
‚GGTP            ‚GGTP            ‚GGT                                     ‚
‚HEMATOCRIT      ‚HEMATOCRIT      ‚HCT                                     ‚
‚HEMOGLOBIN      ‚HEMOGLOBIN      ‚HGB                                     ‚
‚TOTAL BILI      ‚TOTAL BILI      ‚BILI                                    ‚
‚TOTAL PROT      ‚TOTAL PROT      ‚PROT                                    ‚
Šƒƒƒƒƒƒƒƒƒƒƒƒƒƒƒƒ‹ƒƒƒƒƒƒƒƒƒƒƒƒƒƒƒƒ‹ƒƒƒƒƒƒƒƒƒƒƒƒƒƒƒƒƒƒƒƒƒƒƒƒƒƒƒƒƒƒƒƒƒƒƒƒƒƒƒƒŒ


„ƒƒƒƒƒƒƒƒƒƒƒƒƒƒƒƒƒƒƒƒƒƒƒƒƒƒƒƒƒƒƒƒƒƒƒƒƒƒƒƒƒƒƒƒƒƒƒƒƒƒƒƒƒƒƒƒƒƒƒƒƒƒƒƒƒƒƒƒƒƒƒƒƒƒ†
‚               FORMAT NAME: $LBTEST_LABS_LABTEST LENGTH: 32               ‚
‚   MIN LENGTH:   1  MAX LENGTH:  40  DEFAULT LENGTH:  32  FUZZ:        0  ‚
‡ƒƒƒƒƒƒƒƒƒƒƒƒƒƒƒƒ…ƒƒƒƒƒƒƒƒƒƒƒƒƒƒƒƒ…ƒƒƒƒƒƒƒƒƒƒƒƒƒƒƒƒƒƒƒƒƒƒƒƒƒƒƒƒƒƒƒƒƒƒƒƒƒƒƒƒ‰
‚START           ‚END             ‚LABEL  (VER. 9.4     20NOV2015:15:23:44)‚
‡ƒƒƒƒƒƒƒƒƒƒƒƒƒƒƒƒˆƒƒƒƒƒƒƒƒƒƒƒƒƒƒƒƒˆƒƒƒƒƒƒƒƒƒƒƒƒƒƒƒƒƒƒƒƒƒƒƒƒƒƒƒƒƒƒƒƒƒƒƒƒƒƒƒƒ‰
‚ALBUMIN         ‚ALBUMIN         ‚Albumin; Microalbumin                   ‚
‚ALK. PHOS.      ‚ALK. PHOS.      ‚Alkaline Phosphatase                    ‚
‚ALT (SGPT)      ‚ALT (SGPT)      ‚Alanine Aminotransferase; SGPT          ‚
‚AST (SGOT)      ‚AST (SGOT)      ‚Aspartate Aminotransferase; SGOT        ‚
‚DIRECT BILI     ‚DIRECT BILI     ‚Direct Bilirubin                        ‚
‚GGTP            ‚GGTP            ‚Gamma Glutamyl Transferase              ‚
‚HEMATOCRIT      ‚HEMATOCRIT      ‚Hematocrit                              ‚
‚HEMOGLOBIN      ‚HEMOGLOBIN      ‚Hemoglobin                              ‚
‚TOTAL BILI      ‚TOTAL BILI      ‚Bilirubin; Total Bilirubin              ‚
‚TOTAL PROT      ‚TOTAL PROT      ‚Protein                                 ‚
Šƒƒƒƒƒƒƒƒƒƒƒƒƒƒƒƒ‹ƒƒƒƒƒƒƒƒƒƒƒƒƒƒƒƒ‹ƒƒƒƒƒƒƒƒƒƒƒƒƒƒƒƒƒƒƒƒƒƒƒƒƒƒƒƒƒƒƒƒƒƒƒƒƒƒƒƒŒ
The SAS System                                                                                                                                                                                                               15:23 Friday, November 20, 2015   4

„ƒƒƒƒƒƒƒƒƒƒƒƒƒƒƒƒƒƒƒƒƒƒƒƒƒƒƒƒƒƒƒƒƒƒƒƒƒƒƒƒƒƒƒƒƒƒƒƒƒƒƒƒƒƒƒƒƒƒƒƒƒƒƒƒƒƒƒƒƒƒƒƒƒƒ†
‚                FORMAT NAME: $NY_ADVERSE_SERIOUS LENGTH: 1                ‚
‚   MIN LENGTH:   1  MAX LENGTH:  40  DEFAULT LENGTH:   1  FUZZ:        0  ‚
‡ƒƒƒƒƒƒƒƒƒƒƒƒƒƒƒƒ…ƒƒƒƒƒƒƒƒƒƒƒƒƒƒƒƒ…ƒƒƒƒƒƒƒƒƒƒƒƒƒƒƒƒƒƒƒƒƒƒƒƒƒƒƒƒƒƒƒƒƒƒƒƒƒƒƒƒ‰
‚START           ‚END             ‚LABEL  (VER. 9.4     20NOV2015:15:23:44)‚
‡ƒƒƒƒƒƒƒƒƒƒƒƒƒƒƒƒˆƒƒƒƒƒƒƒƒƒƒƒƒƒƒƒƒˆƒƒƒƒƒƒƒƒƒƒƒƒƒƒƒƒƒƒƒƒƒƒƒƒƒƒƒƒƒƒƒƒƒƒƒƒƒƒƒƒ‰
‚NO              ‚NO              ‚N                                       ‚
Šƒƒƒƒƒƒƒƒƒƒƒƒƒƒƒƒ‹ƒƒƒƒƒƒƒƒƒƒƒƒƒƒƒƒ‹ƒƒƒƒƒƒƒƒƒƒƒƒƒƒƒƒƒƒƒƒƒƒƒƒƒƒƒƒƒƒƒƒƒƒƒƒƒƒƒƒŒ


„ƒƒƒƒƒƒƒƒƒƒƒƒƒƒƒƒƒƒƒƒƒƒƒƒƒƒƒƒƒƒƒƒƒƒƒƒƒƒƒƒƒƒƒƒƒƒƒƒƒƒƒƒƒƒƒƒƒƒƒƒƒƒƒƒƒƒƒƒƒƒƒƒƒƒ†
‚                FORMAT NAME: $UNIT_LABS_COLUNITS LENGTH: 5                ‚
‚   MIN LENGTH:   1  MAX LENGTH:  40  DEFAULT LENGTH:   5  FUZZ:        0  ‚
‡ƒƒƒƒƒƒƒƒƒƒƒƒƒƒƒƒ…ƒƒƒƒƒƒƒƒƒƒƒƒƒƒƒƒ…ƒƒƒƒƒƒƒƒƒƒƒƒƒƒƒƒƒƒƒƒƒƒƒƒƒƒƒƒƒƒƒƒƒƒƒƒƒƒƒƒ‰
‚START           ‚END             ‚LABEL  (VER. 9.4     20NOV2015:15:23:44)‚
‡ƒƒƒƒƒƒƒƒƒƒƒƒƒƒƒƒˆƒƒƒƒƒƒƒƒƒƒƒƒƒƒƒƒˆƒƒƒƒƒƒƒƒƒƒƒƒƒƒƒƒƒƒƒƒƒƒƒƒƒƒƒƒƒƒƒƒƒƒƒƒƒƒƒƒ‰
‚%               ‚%               ‚%                                       ‚
‚IU/L            ‚IU/L            ‚IU/L                                    ‚
‚g/dL            ‚g/dL            ‚g/dL                                    ‚
‚mg/dL           ‚mg/dL           ‚mg/dL                                   ‚
Šƒƒƒƒƒƒƒƒƒƒƒƒƒƒƒƒ‹ƒƒƒƒƒƒƒƒƒƒƒƒƒƒƒƒ‹ƒƒƒƒƒƒƒƒƒƒƒƒƒƒƒƒƒƒƒƒƒƒƒƒƒƒƒƒƒƒƒƒƒƒƒƒƒƒƒƒŒ
