The SAS System                                                                                                                                                                                                                   20:43 Tuesday, May 26, 2020   1

The CONTENTS Procedure

Data Set Name        SOURCE.DOSING             Observations          84
Member Type          DATA                      Variables             11
Engine               V9                        Indexes               0 
Created              05/26/2020 20:43:03       Observation Length    88
Last Modified        05/26/2020 20:43:03       Deleted Observations  0 
Protection                                     Compressed            NO
Data Set Type                                  Sorted                NO
Label                                                                  
Data Representation  WINDOWS_64                                        
Encoding             utf-8  Unicode (UTF-8)                            


                                     Engine/Host Dependent Information

Data Set Page Size          65536                                                                           
Number of Data Set Pages    1                                                                               
First Data Page             1                                                                               
Max Obs per Page            743                                                                             
Obs in First Data Page      84                                                                              
Number of Data Set Repairs  0                                                                               
ExtendObsCounter            YES                                                                             
Filename                    C:\Apache\htdocs\casper2\Main\Examples\SAS\CDISC\prog\appendix_a\dosing.sas7bdat
Release Created             9.0401M2                                                                        
Host Created                X64_8HOME                                                                       


              Alphabetic List of Variables and Attributes
 
 #    Variable     Type    Len    Format       Label

 4    dailydose    Num       8                 Daily dose taken (pills)
10    enddd        Num       8                 Day of End Dose         
 3    enddt        Num       8    MMDDYY10.    Dosing end date         
 9    endmm        Num       8                 Month of End Dose       
11    endyy        Num       8                 Year of End Dose        
 7    startdd      Num       8                 Day of Start Dose       
 2    startdt      Num       8    MMDDYY10.    Dosing start date       
 6    startmm      Num       8                 Month of Start Dose     
 8    startyy      Num       8                 Year of Start Dose      
 1    subject      Num       8                 Subject Number          
 5    uniqueid     Char      6                 Company Wide Subject ID 
