                                                   Grounds for Divorce                 21:56 Tuesday, October 29, 2019   1
                                                      Only 8 states

          state       Californ    Florida    Illinois    Massachu    Michigan    NewYork     Texas     Washingt

          Californ     0.00000     .            .          .           .          .          .             .   
          Florida      0.00000    0.00000       .          .           .          .          .             .   
          Illinois     1.00000    1.00000      0.000       .           .          .          .             .   
          Massachu     0.88889    0.88889      0.375      0.00000      .          .          .             .   
          Michigan     0.50000    0.50000      1.000      0.87500     0.00000     .          .             .   
          NewYork      1.00000    1.00000      0.500      0.50000     1.00000    0.00000     .             .   
          Texas        0.66667    0.66667      0.625      0.44444     0.83333    0.33333    0.00000        .   
          Washingt     0.66667    0.66667      1.000      0.75000     0.50000    0.80000    0.66667        0   
                                                   Grounds for Divorce                 21:56 Tuesday, October 29, 2019   2
                                                      Only 8 states

                                                  The CLUSTER Procedure
                                             Average Linkage Cluster Analysis

                                Root-Mean-Square Distance Between Observations    0.745341


                                                      Cluster History
              Number
                  of                                                  Pseudo F       Pseudo    Norm RMS
            Clusters    ------Clusters Joined-------         Freq    Statistic    t-Squared    Distance    Tie

                   7    Californ        Florida                 2           .            .            0       
                   6    NewYork         Texas                   2         13.6           .       0.4472       
                   5    Illinois        Massachu                2         10.8           .       0.5031       
                   4    CL7             Michigan                3          7.5           .       0.6708    T  
                   3    CL5             CL6                     4          7.2          3.3      0.6998       
                   2    CL4             Washingt                4          9.7          2.9      0.8267       
                   1    CL2             CL3                     8           .           9.7      1.1895       
