                                                      The SAS System                     20:46 Tuesday, April 25, 2023   1

                                                    The FREQ Procedure

                                                                   Cumulative    Cumulative
                              response    Frequency     Percent     Frequency      Percent
                              -------------------------------------------------------------
                              no                25      100.00            25       100.00  


                                                   Binomial Proportion
                                                      response = no

                                                  Proportion      1.0000
                                                  ASE             0.0000

                                      Confidence Limits for the Binomial Proportion
                                                   Proportion = 1.0000
 
                                     Type                       95% Confidence Limits

                                     Agresti-Coull              0.8424         1.0000
                                     Clopper-Pearson (Exact)    0.8628         1.0000
                                     Jeffreys                   0.9053         1.0000
                                     Wilson                     0.8668         1.0000

                                               Test of H0: Proportion = 0.5

                                             ASE under H0              0.1000
                                             Z                         5.0000
                                             One-sided Pr >  Z         <.0001
                                             Two-sided Pr > |Z|        <.0001

                                                     Sample Size = 25
